D:\STM32CubeIDE\STM32CubeIDE_1.16.0\STM32CubeIDE\plugins\com.st.stm32cube.ide.mcu.externaltools.gnu-tools-for-stm32.12.3.rel1.win32_1.0.200.202406191623\tools\bin/../lib/gcc/arm-none-eabi/12.3.1/../../../../arm-none-eabi/include/stdio.h:220:5:fputc	1
../Core/Src/main.c:100:5:main	1
../Core/Src/main.c:178:6:SystemClock_Config	3
../Core/Src/main.c:220:6:HAL_UARTEx_RxEventCallback	7
../Core/Src/main.c:265:6:HAL_TIM_PeriodElapsedCallback	8
../Core/Src/main.c:344:6:HAL_GPIO_EXTI_Callback	5
../Core/Src/main.c:370:6:Error_Handler	1
